// Jest Snapshot v1, https://goo.gl/fbAQLP

exports[`should ignore node_modules with exclude option 1`] = `
Array [
  Object {
    "errorCount": 0,
    "filePath": "__PATH__/test/fixtures/modules.js",
    "fixableErrorCount": 0,
    "fixableWarningCount": 0,
    "messages": Array [],
    "usedDeprecatedRules": Array [],
    "warningCount": 0,
  },
]
`;
