// Jest Snapshot v1, https://goo.gl/fbAQLP

exports[`ES6 Formatting Fails on badly formatted code 1`] = `
Array [
  Object {
    "column": 5,
    "endColumn": 6,
    "endLine": 3,
    "fix": Object {
      "range": Array [
        87,
        88,
      ],
      "text": "",
    },
    "line": 3,
    "message": "Delete \`·\`",
    "nodeType": null,
    "ruleId": "@swissquote/swissquote/prettier/prettier",
    "severity": 2,
  },
  Object {
    "column": 1,
    "endColumn": 3,
    "endLine": 8,
    "fix": Object {
      "range": Array [
        182,
        184,
      ],
      "text": "",
    },
    "line": 8,
    "message": "Delete \`··\`",
    "nodeType": null,
    "ruleId": "@swissquote/swissquote/prettier/prettier",
    "severity": 2,
  },
  Object {
    "column": 1,
    "endColumn": 9,
    "endLine": 14,
    "fix": Object {
      "range": Array [
        340,
        348,
      ],
      "text": "      ",
    },
    "line": 14,
    "message": "Replace \`········\` with \`······\`",
    "nodeType": null,
    "ruleId": "@swissquote/swissquote/prettier/prettier",
    "severity": 2,
  },
  Object {
    "column": 18,
    "endColumn": 28,
    "endLine": 17,
    "fix": Object {
      "range": Array [
        431,
        441,
      ],
      "text": "taskName",
    },
    "line": 17,
    "message": "Replace \`·taskName·\` with \`taskName\`",
    "nodeType": null,
    "ruleId": "@swissquote/swissquote/prettier/prettier",
    "severity": 2,
  },
]
`;

exports[`ES6 Formatting Gives no warning on correct code 1`] = `Array []`;
