// Jest Snapshot v1, https://goo.gl/fbAQLP

exports[`Uses sonar plugin 1`] = `
Array [
  Object {
    "column": 10,
    "endColumn": 22,
    "endLine": 3,
    "line": 3,
    "message": "'changeWindow' is defined but never used.",
    "messageId": "unusedVar",
    "nodeType": "Identifier",
    "ruleId": "@swissquote/swissquote/@typescript-eslint/no-unused-vars",
    "severity": 2,
  },
  Object {
    "column": 14,
    "endColumn": 25,
    "endLine": 8,
    "line": 8,
    "message": "This branch duplicates the one on line 4",
    "nodeType": "BinaryExpression",
    "ruleId": "@swissquote/swissquote/sonarjs/no-identical-conditions",
    "severity": 2,
  },
]
`;

exports[`Warns on console.log 1`] = `
Array [
  Object {
    "column": 3,
    "endColumn": 14,
    "endLine": 5,
    "line": 5,
    "message": "Unexpected console statement.",
    "messageId": "unexpected",
    "nodeType": "MemberExpression",
    "ruleId": "no-console",
    "severity": 1,
  },
]
`;

exports[`Works with complex types 1`] = `Array []`;
