// Jest Snapshot v1, https://goo.gl/fbAQLP

exports[`Compiles TypeScript - fork checker 1`] = `
Object {
  "status": 0,
  "stdall": "
[__:__:__] Starting Crafty __version__...
[__:__:__] Files will be stored in:
            js: __PATH__/packages/integration/fixtures/crafty-preset-typescript-webpack/compiles-forked/dist/js
[__:__:__] Starting 'default' ...
[__:__:__] Starting 'js' ...
[__:__:__] Starting 'js_myBundle' ...
asset myBundle.min.js ___ KiB [emitted] [minimized] (name: default)
  sourceMap myBundle.min.js.map ___ KiB [emitted] [dev] (auxiliary name: default)
asset someLibrary.myBundle.min.js ___ bytes [emitted] [minimized] (name: someLibrary)
  sourceMap someLibrary.myBundle.min.js.map ___ bytes [emitted] [dev] (auxiliary name: someLibrary)
Entrypoint default ___ KiB (___ KiB) = myBundle.min.js 1 auxiliary asset
Chunk Group someLibrary ___ bytes (___ bytes) = someLibrary.myBundle.min.js 1 auxiliary asset
chunk (runtime: default) someLibrary.myBundle.min.js (someLibrary) ___ bytes [rendered]
  ./js/SomeLibrary.ts ___ bytes [built] [code generated]
chunk (runtime: default) myBundle.min.js (default) ___ KiB (javascript) ___ KiB (runtime) [entry] [rendered]
  runtime modules ___ KiB 9 modules
  dependent modules ___ bytes [dependent] 2 modules
  ./js/script.ts + 1 modules ___ bytes [built] [code generated]

  Compiled successfully!
  Δt ____ms

[__:__:__] Finished 'js_myBundle' after ____ ms
[__:__:__] Finished 'js' after ____ ms
[__:__:__] Finished 'default' after ____ ms
",
}
`;

exports[`Compiles TypeScript - fork checker 2`] = `
"(function(e,t){if(\\"object\\"===typeof exports&&\\"object\\"===typeof module)module.exports=t();else if(\\"function\\"===typeof define&&define.amd)define([],t);else{var n=t();for(var r in n)(\\"object\\"===typeof exports?exports:e)[r]=n[r]}})(self,(function(){return function(){\\"use strict\\";var e={315:function(e,t,n){function r(e,t){if(!(e instanceof t))throw new TypeError(\\"Cannot call a class as a function\\")}n.d(t,{Z:function(){return r}})},131:function(e,t,n){function r(e,t){for(var n=0;n<t.length;n++){var r=t[n];r.enumerable=r.enumerable||!1,r.configurable=!0,\\"value\\"in r&&(r.writable=!0),Object.defineProperty(e,r.key,r)}}function o(e,t,n){return t&&r(e.prototype,t),n&&r(e,n),e}n.d(t,{Z:function(){return o}})},810:function(e,t,n){n.r(t),n.d(t,{default:function(){return u}});var r=n(315);var o=n(131);function i(e,t){return e+t}var u=function(){function e(){(0,r.Z)(this,e),console.log(\\"init class\\")}return(0,o.Z)(e,[{key:\\"method\\",value:function(){console.log(i(2,4)),n.e(399).then(n.bind(n,0)).then((function(e){var t=new e.default;console.log(t.add(2,4))}))}}]),e}()}};var t={};function n(r){if(t[r])return t[r].exports;var o=t[r]={exports:{}};return e[r](o,o.exports,n),o.exports}return n.m=e,n.d=function(e,t){for(var r in t)n.o(t,r)&&!n.o(e,r)&&Object.defineProperty(e,r,{enumerable:!0,get:t[r]})},n.f={},n.e=function(e){return Promise.all(Object.keys(n.f).reduce((function(t,r){return n.f[r](e,t),t}),[]))},n.u=function(e){return\\"someLibrary.myBundle.min.js\\"},n.g=function(){if(\\"object\\"===typeof globalThis)return globalThis;try{return this||new Function(\\"return this\\")()}catch(e){if(\\"object\\"===typeof window)return window}}(),n.o=function(e,t){return Object.prototype.hasOwnProperty.call(e,t)},function(){var e={};var t=\\"UNIQID:\\";n.l=function(r,o,i){if(e[r])return void e[r].push(o);var u,a;if(void 0!==i){var c=document.getElementsByTagName(\\"script\\");for(var f=0;f<c.length;f++){var l=c[f];if(l.getAttribute(\\"src\\")==r||l.getAttribute(\\"data-webpack\\")==t+i){u=l;break}}}u||(a=!0,u=document.createElement(\\"script\\"),u.charset=\\"utf-8\\",u.timeout=120,n.nc&&u.setAttribute(\\"nonce\\",n.nc),u.setAttribute(\\"data-webpack\\",t+i),u.src=r),e[r]=[o];var s=function(t,n){u.onerror=u.onload=null,clearTimeout(d);var o=e[r];if(delete e[r],u.parentNode&&u.parentNode.removeChild(u),o&&o.forEach((function(e){return e(n)})),t)return t(n)};var d=setTimeout(s.bind(null,void 0,{type:\\"timeout\\",target:u}),12e4);u.onerror=s.bind(null,u.onerror),u.onload=s.bind(null,u.onload),a&&document.head.appendChild(u)}}(),n.r=function(e){\\"undefined\\"!==typeof Symbol&&Symbol.toStringTag&&Object.defineProperty(e,Symbol.toStringTag,{value:\\"Module\\"}),Object.defineProperty(e,\\"__esModule\\",{value:!0})},function(){var e;n.g.importScripts&&(e=n.g.location+\\"\\");var t=n.g.document;if(!e&&t&&(t.currentScript&&(e=t.currentScript.src),!e)){var r=t.getElementsByTagName(\\"script\\");r.length&&(e=r[r.length-1].src)}if(!e)throw new Error(\\"Automatic publicPath is not supported in this browser\\");e=e.replace(/#.*$/,\\"\\").replace(/\\\\?.*$/,\\"\\").replace(/\\\\/[^\\\\/]+$/,\\"/\\"),n.p=e}(),function(){var e={913:0};n.f.j=function(t,r){var o=n.o(e,t)?e[t]:void 0;if(0!==o)if(o)r.push(o[2]);else{var i=new Promise((function(n,r){o=e[t]=[n,r]}));r.push(o[2]=i);var u=n.p+n.u(t);var a=new Error;var c=function(r){if(n.o(e,t)&&(o=e[t],0!==o&&(e[t]=void 0),o)){var i=r&&(\\"load\\"===r.type?\\"missing\\":r.type);var u=r&&r.target&&r.target.src;a.message=\\"Loading chunk \\"+t+\\" failed.\\\\n(\\"+i+\\": \\"+u+\\")\\",a.name=\\"ChunkLoadError\\",a.type=i,a.request=u,o[1](a)}};n.l(u,c,\\"chunk-\\"+t)}};var t=function(t){var r=t[0];var i=t[1];var u=t[2];var a,c,f=0,l=[];for(;f<r.length;f++)c=r[f],n.o(e,c)&&e[c]&&l.push(e[c][0]),e[c]=0;for(a in i)n.o(i,a)&&(n.m[a]=i[a]);u&&u(n),o(t);while(l.length)l.shift()()};var r=self.webpackChunkUNIQID=self.webpackChunkUNIQID||[];var o=r.push.bind(r);r.push=t}(),n(810)}()}));
//# sourceMappingURL=myBundle.min.js.map"
`;

exports[`Compiles TypeScript - fork checker 3`] = `
"(self.webpackChunkUNIQID=self.webpackChunkUNIQID||[]).push([[399],[function(n,u,e){\\"use strict\\";e.r(u),e.d(u,{default:function(){return a}});var t=e(315);var r=e(131);var a=function(){function n(){(0,t.Z)(this,n)}return(0,r.Z)(n,[{key:\\"add\\",value:function(n,u){return n+u}},{key:\\"substract\\",value:function(n,u){return n-u}},{key:\\"divide\\",value:function(n,u){return n/u}}]),n}()}]]);
//# sourceMappingURL=someLibrary.myBundle.min.js.map"
`;

exports[`Compiles TypeScript 1`] = `
Object {
  "status": 0,
  "stdall": "
[__:__:__] Starting Crafty __version__...
[__:__:__] Files will be stored in:
            js: __PATH__/packages/integration/fixtures/crafty-preset-typescript-webpack/compiles/dist/js
[__:__:__] Starting 'default' ...
[__:__:__] Starting 'js' ...
[__:__:__] Starting 'js_myBundle' ...
assets by path js/*.ts ___ bytes
  asset js/SomeLibrary.d.ts ___ bytes [emitted]
  asset js/script.d.ts ___ bytes [emitted]
  asset js/Component.d.ts ___ bytes [emitted]
assets by path *.js ___ KiB
  asset myBundle.min.js ___ KiB [emitted] [minimized] (name: default)
    sourceMap myBundle.min.js.map ___ KiB [emitted] [dev] (auxiliary name: default)
  asset 0.myBundle.min.js ___ bytes [emitted] [minimized]
    sourceMap 0.myBundle.min.js.map ___ bytes [emitted] [dev]
Entrypoint default ___ KiB (___ KiB) = myBundle.min.js 1 auxiliary asset
chunk (runtime: default) 0.myBundle.min.js ___ bytes [rendered]
  ./js/SomeLibrary.ts ___ bytes [built] [code generated]
chunk (runtime: default) myBundle.min.js (default) ___ KiB (javascript) ___ KiB (runtime) [entry] [rendered]
  runtime modules ___ KiB 9 modules
  dependent modules ___ bytes [dependent] 2 modules
  ./js/script.ts + 1 modules ___ bytes [built] [code generated]

  Compiled successfully!
  Δt ____ms

[__:__:__] Finished 'js_myBundle' after ____ ms
[__:__:__] Finished 'js' after ____ ms
[__:__:__] Finished 'default' after ____ ms
",
}
`;

exports[`Compiles TypeScript 2`] = `
"(function(e,t){if(\\"object\\"===typeof exports&&\\"object\\"===typeof module)module.exports=t();else if(\\"function\\"===typeof define&&define.amd)define([],t);else{var n=t();for(var r in n)(\\"object\\"===typeof exports?exports:e)[r]=n[r]}})(self,(function(){return function(){\\"use strict\\";var e={315:function(e,t,n){function r(e,t){if(!(e instanceof t))throw new TypeError(\\"Cannot call a class as a function\\")}n.d(t,{Z:function(){return r}})},131:function(e,t,n){function r(e,t){for(var n=0;n<t.length;n++){var r=t[n];r.enumerable=r.enumerable||!1,r.configurable=!0,\\"value\\"in r&&(r.writable=!0),Object.defineProperty(e,r.key,r)}}function o(e,t,n){return t&&r(e.prototype,t),n&&r(e,n),e}n.d(t,{Z:function(){return o}})},810:function(e,t,n){n.r(t),n.d(t,{default:function(){return u}});var r=n(315);var o=n(131);function i(e,t){return e+t}var u=function(){function e(){(0,r.Z)(this,e),console.log(\\"init class\\")}return(0,o.Z)(e,[{key:\\"method\\",value:function(){console.log(i(2,4)),n.e(0).then(n.bind(n,0)).then((function(e){var t=new e.default;console.log(t.add(2,4))}))}}]),e}()}};var t={};function n(r){if(t[r])return t[r].exports;var o=t[r]={exports:{}};return e[r](o,o.exports,n),o.exports}return n.m=e,n.d=function(e,t){for(var r in t)n.o(t,r)&&!n.o(e,r)&&Object.defineProperty(e,r,{enumerable:!0,get:t[r]})},n.f={},n.e=function(e){return Promise.all(Object.keys(n.f).reduce((function(t,r){return n.f[r](e,t),t}),[]))},n.u=function(e){return e+\\".myBundle.min.js\\"},n.g=function(){if(\\"object\\"===typeof globalThis)return globalThis;try{return this||new Function(\\"return this\\")()}catch(e){if(\\"object\\"===typeof window)return window}}(),n.o=function(e,t){return Object.prototype.hasOwnProperty.call(e,t)},function(){var e={};var t=\\"UNIQID:\\";n.l=function(r,o,i){if(e[r])return void e[r].push(o);var u,a;if(void 0!==i){var c=document.getElementsByTagName(\\"script\\");for(var f=0;f<c.length;f++){var l=c[f];if(l.getAttribute(\\"src\\")==r||l.getAttribute(\\"data-webpack\\")==t+i){u=l;break}}}u||(a=!0,u=document.createElement(\\"script\\"),u.charset=\\"utf-8\\",u.timeout=120,n.nc&&u.setAttribute(\\"nonce\\",n.nc),u.setAttribute(\\"data-webpack\\",t+i),u.src=r),e[r]=[o];var s=function(t,n){u.onerror=u.onload=null,clearTimeout(d);var o=e[r];if(delete e[r],u.parentNode&&u.parentNode.removeChild(u),o&&o.forEach((function(e){return e(n)})),t)return t(n)};var d=setTimeout(s.bind(null,void 0,{type:\\"timeout\\",target:u}),12e4);u.onerror=s.bind(null,u.onerror),u.onload=s.bind(null,u.onload),a&&document.head.appendChild(u)}}(),n.r=function(e){\\"undefined\\"!==typeof Symbol&&Symbol.toStringTag&&Object.defineProperty(e,Symbol.toStringTag,{value:\\"Module\\"}),Object.defineProperty(e,\\"__esModule\\",{value:!0})},function(){var e;n.g.importScripts&&(e=n.g.location+\\"\\");var t=n.g.document;if(!e&&t&&(t.currentScript&&(e=t.currentScript.src),!e)){var r=t.getElementsByTagName(\\"script\\");r.length&&(e=r[r.length-1].src)}if(!e)throw new Error(\\"Automatic publicPath is not supported in this browser\\");e=e.replace(/#.*$/,\\"\\").replace(/\\\\?.*$/,\\"\\").replace(/\\\\/[^\\\\/]+$/,\\"/\\"),n.p=e}(),function(){var e={913:0};n.f.j=function(t,r){var o=n.o(e,t)?e[t]:void 0;if(0!==o)if(o)r.push(o[2]);else{var i=new Promise((function(n,r){o=e[t]=[n,r]}));r.push(o[2]=i);var u=n.p+n.u(t);var a=new Error;var c=function(r){if(n.o(e,t)&&(o=e[t],0!==o&&(e[t]=void 0),o)){var i=r&&(\\"load\\"===r.type?\\"missing\\":r.type);var u=r&&r.target&&r.target.src;a.message=\\"Loading chunk \\"+t+\\" failed.\\\\n(\\"+i+\\": \\"+u+\\")\\",a.name=\\"ChunkLoadError\\",a.type=i,a.request=u,o[1](a)}};n.l(u,c,\\"chunk-\\"+t)}};var t=function(t){var r=t[0];var i=t[1];var u=t[2];var a,c,f=0,l=[];for(;f<r.length;f++)c=r[f],n.o(e,c)&&e[c]&&l.push(e[c][0]),e[c]=0;for(a in i)n.o(i,a)&&(n.m[a]=i[a]);u&&u(n),o(t);while(l.length)l.shift()()};var r=self.webpackChunkUNIQID=self.webpackChunkUNIQID||[];var o=r.push.bind(r);r.push=t}(),n(810)}()}));
//# sourceMappingURL=myBundle.min.js.map"
`;

exports[`Compiles TypeScript 3`] = `
"(self.webpackChunkUNIQID=self.webpackChunkUNIQID||[]).push([[0],[function(n,u,e){\\"use strict\\";e.r(u),e.d(u,{default:function(){return a}});var t=e(315);var r=e(131);var a=function(){function n(){(0,t.Z)(this,n)}return(0,r.Z)(n,[{key:\\"add\\",value:function(n,u){return n+u}},{key:\\"substract\\",value:function(n,u){return n-u}},{key:\\"divide\\",value:function(n,u){return n/u}}]),n}()}]]);
//# sourceMappingURL=0.myBundle.min.js.map"
`;

exports[`Compiles TypeScript 4`] = `
"export default class SomeLibrary {
    add(a: any, b: any): any;
    substract(a: any, b: any): number;
    divide(a: any, b: any): number;
}
"
`;

exports[`Fails gracefully on broken markup 1`] = `
Object {
  "status": 1,
  "stdall": "
[__:__:__] Starting Crafty __version__...
[__:__:__] Files will be stored in:
            js: __PATH__/packages/integration/fixtures/crafty-preset-typescript-webpack/fails/dist/js
[__:__:__] Starting 'default' ...
[__:__:__] Starting 'js' ...
[__:__:__] Starting 'js_myTSBundle' ...
assets by status ___ KiB [cached] 2 assets
Entrypoint default = myTSBundle.min.js 1 auxiliary asset
chunk (runtime: default) myTSBundle.min.js (default) ___ KiB (javascript) ___ bytes (runtime) [entry] [rendered]
  runtime modules ___ bytes 3 modules
  ./js/typescript.ts + 2 modules ___ KiB [built] [code generated] [1 error]

  Failed to compile.

__PATH__/packages/integration/fixtures/crafty-preset-typescript-webpack/fails/js/typescript.ts
  14:0  error  Parsing error: Unexpected token. A constructor, method, accessor, or property was expected

✖ 1 problem (1 error, 0 warnings)

[tsl] ERROR in __PATH__/packages/integration/fixtures/crafty-preset-typescript-webpack/fails/js/typescript.ts(14,1)
      TS1068: Unexpected token. A constructor, method, accessor, or property was expected.

  Δt ____ms ✖ 2 problems (2 errors, 0 warnings)

[__:__:__] 'js_myTSBundle' errored after ____ ms
[__:__:__] Webpack compilation failed
[__:__:__] 'js' errored after ____ ms
[__:__:__] 'default' errored after ____ ms
",
}
`;

exports[`Fails gracefully on invalid TS - fork checker 1`] = `
Object {
  "status": 1,
  "stdall": "
[__:__:__] Starting Crafty __version__...
[__:__:__] Files will be stored in:
            js: __PATH__/packages/integration/fixtures/crafty-preset-typescript-webpack/invalid-forked/dist/js
[__:__:__] Starting 'default' ...
[__:__:__] Starting 'js' ...
[__:__:__] Starting 'js_myTSBundle' ...
assets by status ___ KiB [cached] 1 asset
Entrypoint default = myTSBundle.min.js 1 auxiliary asset
chunk (runtime: default) myTSBundle.min.js (default) ___ KiB (javascript) ___ bytes (runtime) [entry] [rendered]
  runtime modules ___ bytes 3 modules
  ./js/typescript.ts + 2 modules ___ KiB [built] [code generated] [1 error]

  Failed to compile.

__PATH__/packages/integration/fixtures/crafty-preset-typescript-webpack/invalid-forked/js/typescript.ts
   2:3   error    Delete \`··\`                         @swissquote/swissquote/prettier/prettier
   3:1   error    Delete \`····\`                       @swissquote/swissquote/prettier/prettier
   3:9   warning  Unexpected console statement        no-console
   5:1   error    Replace \`········\` with \`····\`      @swissquote/swissquote/prettier/prettier
   5:13  error    'D' was used before it was defined  @swissquote/swissquote/@typescript-eslint/no-use-before-define
   6:3   error    Delete \`··\`                         @swissquote/swissquote/prettier/prettier
   8:1   error    Delete \`··\`                         @swissquote/swissquote/prettier/prettier
   9:1   error    Delete \`····\`                       @swissquote/swissquote/prettier/prettier
   9:9   error    Unexpected alert                    no-alert
  10:3   error    Delete \`··\`                         @swissquote/swissquote/prettier/prettier
  14:3   error    Delete \`··\`                         @swissquote/swissquote/prettier/prettier
  15:1   error    Replace \`········\` with \`····\`      @swissquote/swissquote/prettier/prettier
  15:9   warning  Unexpected console statement        no-console
  16:1   error    Replace \`····\` with \`··\`            @swissquote/swissquote/prettier/prettier
  18:1   error    Delete \`··\`                         @swissquote/swissquote/prettier/prettier
  19:1   error    Delete \`····\`                       @swissquote/swissquote/prettier/prettier
  19:9   error    Unexpected alert                    no-alert
  20:1   error    Delete \`··\`                         @swissquote/swissquote/prettier/prettier

✖ 18 problems (16 errors, 2 warnings)
  13 errors and 0 warnings potentially fixable with the \`--fix\` option.

TS2339: Property 'someNonExistingMethod' does not exist on type 'D'.
    3 |         console.log(\\"Something happens here\\");
    4 |
  > 5 |         new D().someNonExistingMethod();
      |                 ^^^^^^^^^^^^^^^^^^^^^
    6 |     }
    7 |
    8 |     someMethod() {

  Δt ____ms ✖ 2 problems (2 errors, 0 warnings)

[__:__:__] 'js_myTSBundle' errored after ____ ms
[__:__:__] Webpack compilation failed
[__:__:__] 'js' errored after ____ ms
[__:__:__] 'default' errored after ____ ms
",
}
`;

exports[`Fails gracefully on invalid TS 1`] = `
Object {
  "status": 1,
  "stdall": "
[__:__:__] Starting Crafty __version__...
[__:__:__] Files will be stored in:
            js: __PATH__/packages/integration/fixtures/crafty-preset-typescript-webpack/invalid/dist/js
[__:__:__] Starting 'default' ...
[__:__:__] Starting 'js' ...
[__:__:__] Starting 'js_myTSBundle' ...
assets by status ___ KiB [cached] 2 assets
Entrypoint default = myTSBundle.min.js 1 auxiliary asset
chunk (runtime: default) myTSBundle.min.js (default) ___ KiB (javascript) ___ bytes (runtime) [entry] [rendered]
  runtime modules ___ bytes 3 modules
  ./js/typescript.ts + 2 modules ___ KiB [built] [code generated] [1 error]

  Failed to compile.

__PATH__/packages/integration/fixtures/crafty-preset-typescript-webpack/invalid/js/typescript.ts
   2:3   error    Delete \`··\`                         @swissquote/swissquote/prettier/prettier
   3:1   error    Delete \`····\`                       @swissquote/swissquote/prettier/prettier
   3:9   warning  Unexpected console statement        no-console
   5:1   error    Replace \`········\` with \`····\`      @swissquote/swissquote/prettier/prettier
   5:13  error    'D' was used before it was defined  @swissquote/swissquote/@typescript-eslint/no-use-before-define
   6:3   error    Delete \`··\`                         @swissquote/swissquote/prettier/prettier
   8:1   error    Delete \`··\`                         @swissquote/swissquote/prettier/prettier
   9:1   error    Delete \`····\`                       @swissquote/swissquote/prettier/prettier
   9:9   error    Unexpected alert                    no-alert
  10:3   error    Delete \`··\`                         @swissquote/swissquote/prettier/prettier
  14:3   error    Delete \`··\`                         @swissquote/swissquote/prettier/prettier
  15:1   error    Replace \`········\` with \`····\`      @swissquote/swissquote/prettier/prettier
  15:9   warning  Unexpected console statement        no-console
  16:1   error    Replace \`····\` with \`··\`            @swissquote/swissquote/prettier/prettier
  18:1   error    Delete \`··\`                         @swissquote/swissquote/prettier/prettier
  19:1   error    Delete \`····\`                       @swissquote/swissquote/prettier/prettier
  19:9   error    Unexpected alert                    no-alert
  20:1   error    Delete \`··\`                         @swissquote/swissquote/prettier/prettier

✖ 18 problems (16 errors, 2 warnings)
  13 errors and 0 warnings potentially fixable with the \`--fix\` option.

[tsl] ERROR in __PATH__/packages/integration/fixtures/crafty-preset-typescript-webpack/invalid/js/typescript.ts(5,17)
      TS2339: Property 'someNonExistingMethod' does not exist on type 'D'.

  Δt ____ms ✖ 2 problems (2 errors, 0 warnings)

[__:__:__] 'js_myTSBundle' errored after ____ ms
[__:__:__] Webpack compilation failed
[__:__:__] 'js' errored after ____ ms
[__:__:__] 'default' errored after ____ ms
",
}
`;

exports[`Lints TypeScript with webpack 1`] = `
Object {
  "status": 1,
  "stdall": "
[__:__:__] Starting Crafty __version__...
[__:__:__] Files will be stored in:
            js: __PATH__/packages/integration/fixtures/crafty-preset-typescript-webpack/lints/dist/js
[__:__:__] Starting 'default' ...
[__:__:__] Starting 'js' ...
[__:__:__] Starting 'js_myBundle' ...
assets by status ___ KiB [cached] 5 assets
Entrypoint default = myBundle.min.js 1 auxiliary asset
chunk (runtime: default) 0.myBundle.min.js ___ bytes [rendered]
  ./js/SomeLibrary.ts ___ bytes [built] [code generated]
chunk (runtime: default) myBundle.min.js (default) ___ KiB (javascript) ___ KiB (runtime) [entry] [rendered]
  runtime modules ___ KiB 9 modules
  dependent modules ___ bytes [dependent] 2 modules
  ./js/script.ts + 1 modules ___ bytes [built] [code generated] [2 errors]

  Failed to compile.

__PATH__/packages/integration/fixtures/crafty-preset-typescript-webpack/lints/js/Component.ts
  1:1  error  Replace \`⏎export·function·test(a:\` with \`export·function·test(a:·\`  @swissquote/swissquote/prettier/prettier
  3:1  error  Replace \`···return·a·+···\` with \`··return·a·+\`                      @swissquote/swissquote/prettier/prettier

✖ 2 problems (2 errors, 0 warnings)
  2 errors and 0 warnings potentially fixable with the \`--fix\` option.

__PATH__/packages/integration/fixtures/crafty-preset-typescript-webpack/lints/js/SomeLibrary.ts
  10:15  error  Delete \`⏎·\`  @swissquote/swissquote/prettier/prettier

✖ 1 problem (1 error, 0 warnings)
  1 error and 0 warnings potentially fixable with the \`--fix\` option.

__PATH__/packages/integration/fixtures/crafty-preset-typescript-webpack/lints/js/script.ts
   1:1   error    Replace \`⏎import·{\` with \`import·{·\`                   @swissquote/swissquote/prettier/prettier
   5:1   error    Replace \`····constructor·\` with \`··constructor\`        @swissquote/swissquote/prettier/prettier
   6:5   warning  Unexpected console statement                           no-console
   7:1   error    Insert \`·\`                                             @swissquote/swissquote/prettier/prettier
  10:5   warning  Unexpected console statement                           no-console
  10:17  error    Replace \`·test(·\` with \`test(\`                         @swissquote/swissquote/prettier/prettier
  12:34  error    Replace \`·(SomeLibrary)·=>⏎···\` with \`SomeLibrary·=>\`  @swissquote/swissquote/prettier/prettier
  16:7   warning  Unexpected console statement                           no-console
  17:7   error    Insert \`;\`                                             @swissquote/swissquote/prettier/prettier

✖ 9 problems (6 errors, 3 warnings)
  6 errors and 0 warnings potentially fixable with the \`--fix\` option.

  Δt ____ms ✖ 3 problems (3 errors, 0 warnings)

[__:__:__] 'js_myBundle' errored after ____ ms
[__:__:__] Webpack compilation failed
[__:__:__] 'js' errored after ____ ms
[__:__:__] 'default' errored after ____ ms
",
}
`;

exports[`Removes unused classes 1`] = `
Object {
  "status": 0,
  "stdall": "
[__:__:__] Starting Crafty __version__...
[__:__:__] Files will be stored in:
            js: __PATH__/packages/integration/fixtures/crafty-preset-typescript-webpack/tree-shaking/dist/js
[__:__:__] Starting 'default' ...
[__:__:__] Starting 'js' ...
[__:__:__] Starting 'js_myBundle' ...
asset myBundle.min.js ___ KiB [emitted] [minimized] (name: default)
  sourceMap myBundle.min.js.map ___ KiB [emitted] [dev] (auxiliary name: default)
asset js/imported-typescript.d.ts ___ bytes [emitted]
asset js/index.d.ts ___ bytes [emitted]
Entrypoint default ___ KiB (___ KiB) = myBundle.min.js 1 auxiliary asset
chunk (runtime: default) myBundle.min.js (default) ___ KiB (javascript) ___ bytes (runtime) [entry] [rendered]
  runtime modules ___ bytes 1 module
  ./js/index.ts + 3 modules ___ KiB [built] [code generated]

  Compiled successfully!
  Δt ____ms

[__:__:__] Finished 'js_myBundle' after ____ ms
[__:__:__] Finished 'js' after ____ ms
[__:__:__] Finished 'default' after ____ ms
",
}
`;
