// Jest Snapshot v1, https://goo.gl/fbAQLP

exports[`Compiles Generators 1`] = `
Object {
  "status": 0,
  "stdall": "
[__:__:__] Starting Crafty __version__...
[__:__:__] Files will be stored in:
            js: __PATH__/packages/integration/fixtures/crafty-preset-babel-webpack/compiles-generators/dist/js
[__:__:__] Starting 'default' ...
[__:__:__] Starting 'js' ...
[__:__:__] Starting 'js_myBundle' ...
  size  name     module                status
  1 kB  1        multi ./js/script.js  built
  1 kB  2        ./js/script.js        built

  size  name     asset                 status
  1 kB  default  myBundle.min.js       emitted
  1 kB  default  myBundle.min.js.map   emitted

  (2 modules hidden)

  Compiled successfully!
  Δt ____ms

[__:__:__] Finished 'js_myBundle' after ____ ms
[__:__:__] Finished 'js' after ____ ms
[__:__:__] Finished 'default' after ____ ms
",
}
`;

exports[`Compiles Generators 2`] = `
"(function(t,r){if(\\"object\\"===typeof exports&&\\"object\\"===typeof module)module.exports=r();else if(\\"function\\"===typeof define&&define.amd)define([],r);else{var e=r();for(var n in e)(\\"object\\"===typeof exports?exports:t)[n]=e[n]}})(window,(function(){return function(t){var r={};function e(n){if(r[n])return r[n].exports;var o=r[n]={i:n,l:false,exports:{}};return t[n].call(o.exports,o,o.exports,e),o.l=true,o.exports}return e.m=t,e.c=r,e.d=function(t,r,n){e.o(t,r)||Object.defineProperty(t,r,{enumerable:true,get:n})},e.r=function(t){\\"undefined\\"!==typeof Symbol&&Symbol.toStringTag&&Object.defineProperty(t,Symbol.toStringTag,{value:\\"Module\\"}),Object.defineProperty(t,\\"__esModule\\",{value:true})},e.t=function(t,r){if(1&r&&(t=e(t)),8&r)return t;if(4&r&&\\"object\\"===typeof t&&t&&t.__esModule)return t;var n=Object.create(null);if(e.r(n),Object.defineProperty(n,\\"default\\",{enumerable:true,value:t}),2&r&&\\"string\\"!=typeof t)for(var o in t)e.d(n,o,function(r){return t[r]}.bind(null,o));return n},e.n=function(t){var r=t&&t.__esModule?function(){return t.default}:function(){return t};return e.d(r,\\"a\\",r),r},e.o=function(t,r){return Object.prototype.hasOwnProperty.call(t,r)},e.p=\\"\\",e(e.s=1)}([function(t,r,e){t.exports=e(3)},function(t,r,e){t.exports=e(2)},function(t,r,e){\\"use strict\\";e.r(r),e.d(r,\\"default\\",(function(){return a}));var n=e(0);var o=e.n(n);var i=o.a.mark(a);function a(){return o.a.wrap((function(t){while(1)switch(t.prev=t.next){case 0:return t.next=2,1;case 2:case\\"end\\":return t.stop()}}),i)}},function(t,r,e){var n=function(t){\\"use strict\\";var r=Object.prototype;var e=r.hasOwnProperty;var n;var o=\\"function\\"===typeof Symbol?Symbol:{};var i=o.iterator||\\"@@iterator\\";var a=o.asyncIterator||\\"@@asyncIterator\\";var u=o.toStringTag||\\"@@toStringTag\\";function c(t,r,e,n){var o=r&&r.prototype instanceof y?r:y;var i=Object.create(o.prototype);var a=new S(n||[]);return i._invoke=_(t,e,a),i}function f(t,r,e){try{return{type:\\"normal\\",arg:t.call(r,e)}}catch(t){return{type:\\"throw\\",arg:t}}}t.wrap=c;var l=\\"suspendedStart\\";var s=\\"suspendedYield\\";var h=\\"executing\\";var p=\\"completed\\";var v={};function y(){}function d(){}function g(){}var m={};m[i]=function(){return this};var w=Object.getPrototypeOf;var x=w&&w(w(k([])));x&&x!==r&&e.call(x,i)&&(m=x);var b=g.prototype=y.prototype=Object.create(m);function L(t){[\\"next\\",\\"throw\\",\\"return\\"].forEach((function(r){t[r]=function(t){return this._invoke(r,t)}}))}function E(t){function r(n,o,i,a){var u=f(t[n],t,o);if(\\"throw\\"!==u.type){var c=u.arg;var l=c.value;if(l&&\\"object\\"===typeof l&&e.call(l,\\"__await\\"))return Promise.resolve(l.__await).then((function(t){r(\\"next\\",t,i,a)}),(function(t){r(\\"throw\\",t,i,a)}));return Promise.resolve(l).then((function(t){c.value=t,i(c)}),(function(t){return r(\\"throw\\",t,i,a)}))}a(u.arg)}var n;function o(t,e){function o(){return new Promise((function(n,o){r(t,e,n,o)}))}return n=n?n.then(o,o):o()}this._invoke=o}function _(t,r,e){var n=l;return function(o,i){if(n===h)throw new Error(\\"Generator is already running\\");if(n===p){if(\\"throw\\"===o)throw i;return G()}e.method=o,e.arg=i;while(true){var a=e.delegate;if(a){var u=j(a,e);if(u){if(u===v)continue;return u}}if(\\"next\\"===e.method)e.sent=e._sent=e.arg;else if(\\"throw\\"===e.method){if(n===l)throw n=p,e.arg;e.dispatchException(e.arg)}else\\"return\\"===e.method&&e.abrupt(\\"return\\",e.arg);n=h;var c=f(t,r,e);if(\\"normal\\"===c.type){if(n=e.done?p:s,c.arg===v)continue;return{value:c.arg,done:e.done}}\\"throw\\"===c.type&&(n=p,e.method=\\"throw\\",e.arg=c.arg)}}}function j(t,r){var e=t.iterator[r.method];if(e===n){if(r.delegate=null,\\"throw\\"===r.method){if(t.iterator.return&&(r.method=\\"return\\",r.arg=n,j(t,r),\\"throw\\"===r.method))return v;r.method=\\"throw\\",r.arg=new TypeError(\\"The iterator does not provide a 'throw' method\\")}return v}var o=f(e,t.iterator,r.arg);if(\\"throw\\"===o.type)return r.method=\\"throw\\",r.arg=o.arg,r.delegate=null,v;var i=o.arg;if(!i)return r.method=\\"throw\\",r.arg=new TypeError(\\"iterator result is not an object\\"),r.delegate=null,v;if(!i.done)return i;return r[t.resultName]=i.value,r.next=t.nextLoc,\\"return\\"!==r.method&&(r.method=\\"next\\",r.arg=n),r.delegate=null,v}function O(t){var r={tryLoc:t[0]};1 in t&&(r.catchLoc=t[1]),2 in t&&(r.finallyLoc=t[2],r.afterLoc=t[3]),this.tryEntries.push(r)}function P(t){var r=t.completion||{};r.type=\\"normal\\",delete r.arg,t.completion=r}function S(t){this.tryEntries=[{tryLoc:\\"root\\"}],t.forEach(O,this),this.reset(true)}function k(t){if(t){var r=t[i];if(r)return r.call(t);if(\\"function\\"===typeof t.next)return t;if(!isNaN(t.length)){var o=-1,a=function r(){while(++o<t.length)if(e.call(t,o))return r.value=t[o],r.done=false,r;return r.value=n,r.done=true,r};return a.next=a}}return{next:G}}function G(){return{value:n,done:true}}return d.prototype=b.constructor=g,g.constructor=d,g[u]=d.displayName=\\"GeneratorFunction\\",t.isGeneratorFunction=function(t){var r=\\"function\\"===typeof t&&t.constructor;return!!r&&(r===d||\\"GeneratorFunction\\"===(r.displayName||r.name))},t.mark=function(t){return Object.setPrototypeOf?Object.setPrototypeOf(t,g):(t.__proto__=g,u in t||(t[u]=\\"GeneratorFunction\\")),t.prototype=Object.create(b),t},t.awrap=function(t){return{__await:t}},L(E.prototype),E.prototype[a]=function(){return this},t.AsyncIterator=E,t.async=function(r,e,n,o){var i=new E(c(r,e,n,o));return t.isGeneratorFunction(e)?i:i.next().then((function(t){return t.done?t.value:i.next()}))},L(b),b[u]=\\"Generator\\",b[i]=function(){return this},b.toString=function(){return\\"[object Generator]\\"},t.keys=function(t){var r=[];for(var e in t)r.push(e);return r.reverse(),function e(){while(r.length){var n=r.pop();if(n in t)return e.value=n,e.done=false,e}return e.done=true,e}},t.values=k,S.prototype={constructor:S,reset:function(t){if(this.prev=0,this.next=0,this.sent=this._sent=n,this.done=false,this.delegate=null,this.method=\\"next\\",this.arg=n,this.tryEntries.forEach(P),!t)for(var r in this)\\"t\\"===r.charAt(0)&&e.call(this,r)&&!isNaN(+r.slice(1))&&(this[r]=n)},stop:function(){this.done=true;var t=this.tryEntries[0];var r=t.completion;if(\\"throw\\"===r.type)throw r.arg;return this.rval},dispatchException:function(t){if(this.done)throw t;var r=this;function o(e,o){return u.type=\\"throw\\",u.arg=t,r.next=e,o&&(r.method=\\"next\\",r.arg=n),!!o}for(var i=this.tryEntries.length-1;i>=0;--i){var a=this.tryEntries[i];var u=a.completion;if(\\"root\\"===a.tryLoc)return o(\\"end\\");if(a.tryLoc<=this.prev){var c=e.call(a,\\"catchLoc\\");var f=e.call(a,\\"finallyLoc\\");if(c&&f){if(this.prev<a.catchLoc)return o(a.catchLoc,true);if(this.prev<a.finallyLoc)return o(a.finallyLoc)}else if(c){if(this.prev<a.catchLoc)return o(a.catchLoc,true)}else{if(!f)throw new Error(\\"try statement without catch or finally\\");if(this.prev<a.finallyLoc)return o(a.finallyLoc)}}}},abrupt:function(t,r){for(var n=this.tryEntries.length-1;n>=0;--n){var o=this.tryEntries[n];if(o.tryLoc<=this.prev&&e.call(o,\\"finallyLoc\\")&&this.prev<o.finallyLoc){var i=o;break}}i&&(\\"break\\"===t||\\"continue\\"===t)&&i.tryLoc<=r&&r<=i.finallyLoc&&(i=null);var a=i?i.completion:{};if(a.type=t,a.arg=r,i)return this.method=\\"next\\",this.next=i.finallyLoc,v;return this.complete(a)},complete:function(t,r){if(\\"throw\\"===t.type)throw t.arg;return\\"break\\"===t.type||\\"continue\\"===t.type?this.next=t.arg:\\"return\\"===t.type?(this.rval=this.arg=t.arg,this.method=\\"return\\",this.next=\\"end\\"):\\"normal\\"===t.type&&r&&(this.next=r),v},finish:function(t){for(var r=this.tryEntries.length-1;r>=0;--r){var e=this.tryEntries[r];if(e.finallyLoc===t)return this.complete(e.completion,e.afterLoc),P(e),v}},catch:function(t){for(var r=this.tryEntries.length-1;r>=0;--r){var e=this.tryEntries[r];if(e.tryLoc===t){var n=e.completion;if(\\"throw\\"===n.type){var o=n.arg;P(e)}return o}}throw new Error(\\"illegal catch attempt\\")},delegateYield:function(t,r,e){return this.delegate={iterator:k(t),resultName:r,nextLoc:e},\\"next\\"===this.method&&(this.arg=n),v}},t}(t.exports);try{regeneratorRuntime=n}catch(t){Function(\\"r\\",\\"regeneratorRuntime = r\\")(n)}}])}));
//# sourceMappingURL=myBundle.min.js.map"
`;

exports[`Compiles JavaScript 1`] = `
Object {
  "status": 0,
  "stdall": "
[__:__:__] Starting Crafty __version__...
[__:__:__] Files will be stored in:
            js: __PATH__/packages/integration/fixtures/crafty-preset-babel-webpack/compiles/dist/js
[__:__:__] Starting 'default' ...
[__:__:__] Starting 'js' ...
[__:__:__] Starting 'js_myBundle' ...
  size  name     module                      status
  1 kB  0        multi ./js/script.js        built
  1 kB  1        ./js/script.js + 9 modules  built

  size  name     asset                       status
  1 kB  default  myBundle.min.js             emitted
  1 kB  default  myBundle.min.js.map         emitted

  Compiled successfully!
  Δt ____ms

[__:__:__] Finished 'js_myBundle' after ____ ms
[__:__:__] Finished 'js' after ____ ms
[__:__:__] Finished 'default' after ____ ms
",
}
`;

exports[`Compiles JavaScript 2`] = `
"(function(e,t){if(\\"object\\"===typeof exports&&\\"object\\"===typeof module)module.exports=t();else if(\\"function\\"===typeof define&&define.amd)define([],t);else{var n=t();for(var r in n)(\\"object\\"===typeof exports?exports:e)[r]=n[r]}})(window,(function(){return function(e){var t={};function n(r){if(t[r])return t[r].exports;var o=t[r]={i:r,l:false,exports:{}};return e[r].call(o.exports,o,o.exports,n),o.l=true,o.exports}return n.m=e,n.c=t,n.d=function(e,t,r){n.o(e,t)||Object.defineProperty(e,t,{enumerable:true,get:r})},n.r=function(e){\\"undefined\\"!==typeof Symbol&&Symbol.toStringTag&&Object.defineProperty(e,Symbol.toStringTag,{value:\\"Module\\"}),Object.defineProperty(e,\\"__esModule\\",{value:true})},n.t=function(e,t){if(1&t&&(e=n(e)),8&t)return e;if(4&t&&\\"object\\"===typeof e&&e&&e.__esModule)return e;var r=Object.create(null);if(n.r(r),Object.defineProperty(r,\\"default\\",{enumerable:true,value:e}),2&t&&\\"string\\"!=typeof e)for(var o in e)n.d(r,o,function(t){return e[t]}.bind(null,o));return r},n.n=function(e){var t=e&&e.__esModule?function(){return e.default}:function(){return e};return n.d(t,\\"a\\",t),t},n.o=function(e,t){return Object.prototype.hasOwnProperty.call(e,t)},n.p=\\"\\",n(n.s=0)}([function(e,t,n){e.exports=n(1)},function(e,t,n){\\"use strict\\";function r(e,t){if(!(e instanceof t))throw new TypeError(\\"Cannot call a class as a function\\")}function o(e,t){for(var n=0;n<t.length;n++){var r=t[n];r.enumerable=r.enumerable||false,r.configurable=true,\\"value\\"in r&&(r.writable=true),Object.defineProperty(e,r.key,r)}}function u(e,t,n){return t&&o(e.prototype,t),n&&o(e,n),e}function i(e){return i=\\"function\\"===typeof Symbol&&\\"symbol\\"===typeof Symbol.iterator?function(e){return typeof e}:function(e){return e&&\\"function\\"===typeof Symbol&&e.constructor===Symbol&&e!==Symbol.prototype?\\"symbol\\":typeof e},i(e)}function f(e){if(void 0===e)throw new ReferenceError(\\"this hasn't been initialised - super() hasn't been called\\");return e}function c(e,t){if(t&&(\\"object\\"===i(t)||\\"function\\"===typeof t))return t;return f(e)}function l(e){return l=Object.setPrototypeOf?Object.getPrototypeOf:function(e){return e.__proto__||Object.getPrototypeOf(e)},l(e)}function a(e,t){return a=Object.setPrototypeOf||function(e,t){return e.__proto__=t,e},a(e,t)}function p(e,t){if(\\"function\\"!==typeof t&&null!==t)throw new TypeError(\\"Super expression must either be null or a function\\");e.prototype=Object.create(t&&t.prototype,{constructor:{value:e,writable:true,configurable:true}}),t&&a(e,t)}n.r(t);var s=function(e){function t(){var e;var n;r(this,t);for(var o=arguments.length,u=new Array(o),i=0;i<o;i++)u[i]=arguments[i];return n=c(this,(e=l(t)).call.apply(e,[this].concat(u))),n.handleClick=function(){n.setState({hey:true})},n}return p(t,e),u(t,[{key:\\"render\\",value:function(){return React.createElement(\\"div\\",{onClick:this.handleClick},\\"Hey \\",this.state.hey)}}]),t}(React.Component);n.d(t,\\"default\\",(function(){return y}));var y=function(){function e(){r(this,e),console.log(\\"init class\\")}return u(e,[{key:\\"method\\",value:function(){console.log(s)}}]),e}()}])}));
//# sourceMappingURL=myBundle.min.js.map"
`;

exports[`Compiles JavaScript with externals 1`] = `
Object {
  "status": 0,
  "stdall": "
[__:__:__] Starting Crafty __version__...
[__:__:__] Files will be stored in:
            js: __PATH__/packages/integration/fixtures/crafty-preset-babel-webpack/externals/dist/js
[__:__:__] Starting 'default' ...
[__:__:__] Starting 'js' ...
[__:__:__] Starting 'js_myBundle' ...
  size  name     module                              status
  1 kB  0        external \\"somelibrary/thing/stuff\\"  built
  1 kB  1        multi ./js/script.js                built
  1 kB  2        ./js/script.js + 9 modules          built

  size  name     asset                               status
  1 kB  default  myBundle.min.js                     emitted
  1 kB  default  myBundle.min.js.map                 emitted

  Compiled successfully!
  Δt ____ms

[__:__:__] Finished 'js_myBundle' after ____ ms
[__:__:__] Finished 'js' after ____ ms
[__:__:__] Finished 'default' after ____ ms
",
}
`;

exports[`Compiles JavaScript with externals 2`] = `
"(function(e,t){if(\\"object\\"===typeof exports&&\\"object\\"===typeof module)module.exports=t(require(\\"somelibrary/thing/stuff\\"));else if(\\"function\\"===typeof define&&define.amd)define([\\"somelibrary/thing/stuff\\"],t);else{var n=\\"object\\"===typeof exports?t(require(\\"somelibrary/thing/stuff\\")):t(e[\\"somelibrary/thing/stuff\\"]);for(var r in n)(\\"object\\"===typeof exports?exports:e)[r]=n[r]}})(window,(function(e){return function(e){var t={};function n(r){if(t[r])return t[r].exports;var o=t[r]={i:r,l:false,exports:{}};return e[r].call(o.exports,o,o.exports,n),o.l=true,o.exports}return n.m=e,n.c=t,n.d=function(e,t,r){n.o(e,t)||Object.defineProperty(e,t,{enumerable:true,get:r})},n.r=function(e){\\"undefined\\"!==typeof Symbol&&Symbol.toStringTag&&Object.defineProperty(e,Symbol.toStringTag,{value:\\"Module\\"}),Object.defineProperty(e,\\"__esModule\\",{value:true})},n.t=function(e,t){if(1&t&&(e=n(e)),8&t)return e;if(4&t&&\\"object\\"===typeof e&&e&&e.__esModule)return e;var r=Object.create(null);if(n.r(r),Object.defineProperty(r,\\"default\\",{enumerable:true,value:e}),2&t&&\\"string\\"!=typeof e)for(var o in e)n.d(r,o,function(t){return e[t]}.bind(null,o));return r},n.n=function(e){var t=e&&e.__esModule?function(){return e.default}:function(){return e};return n.d(t,\\"a\\",t),t},n.o=function(e,t){return Object.prototype.hasOwnProperty.call(e,t)},n.p=\\"\\",n(n.s=1)}([function(t,n){t.exports=e},function(e,t,n){e.exports=n(2)},function(e,t,n){\\"use strict\\";function r(e,t){if(!(e instanceof t))throw new TypeError(\\"Cannot call a class as a function\\")}function o(e,t){for(var n=0;n<t.length;n++){var r=t[n];r.enumerable=r.enumerable||false,r.configurable=true,\\"value\\"in r&&(r.writable=true),Object.defineProperty(e,r.key,r)}}function u(e,t,n){return t&&o(e.prototype,t),n&&o(e,n),e}n.r(t);var i=n(0);var f=n.n(i);function c(e){return c=\\"function\\"===typeof Symbol&&\\"symbol\\"===typeof Symbol.iterator?function(e){return typeof e}:function(e){return e&&\\"function\\"===typeof Symbol&&e.constructor===Symbol&&e!==Symbol.prototype?\\"symbol\\":typeof e},c(e)}function l(e){if(void 0===e)throw new ReferenceError(\\"this hasn't been initialised - super() hasn't been called\\");return e}function a(e,t){if(t&&(\\"object\\"===c(t)||\\"function\\"===typeof t))return t;return l(e)}function s(e){return s=Object.setPrototypeOf?Object.getPrototypeOf:function(e){return e.__proto__||Object.getPrototypeOf(e)},s(e)}function p(e,t){return p=Object.setPrototypeOf||function(e,t){return e.__proto__=t,e},p(e,t)}function y(e,t){if(\\"function\\"!==typeof t&&null!==t)throw new TypeError(\\"Super expression must either be null or a function\\");e.prototype=Object.create(t&&t.prototype,{constructor:{value:e,writable:true,configurable:true}}),t&&p(e,t)}var b=function(e){function t(){var e;var n;r(this,t);for(var o=arguments.length,u=new Array(o),i=0;i<o;i++)u[i]=arguments[i];return n=a(this,(e=s(t)).call.apply(e,[this].concat(u))),n.handleClick=function(){n.setState({hey:true})},n}return y(t,e),u(t,[{key:\\"render\\",value:function(){return React.createElement(\\"div\\",{onClick:this.handleClick},\\"Hey \\",this.state.hey)}}]),t}(React.Component);n.d(t,\\"default\\",(function(){return d}));var d=function(){function e(){r(this,e),console.log(\\"init class\\")}return u(e,[{key:\\"method\\",value:function(){console.log(b,f.a)}}]),e}()}])}));
//# sourceMappingURL=myBundle.min.js.map"
`;

exports[`Creates profiles 1`] = `
Object {
  "status": 0,
  "stdall": "
[__:__:__] Starting Crafty __version__...
[__:__:__] Files will be stored in:
            js: __PATH__/packages/integration/fixtures/crafty-preset-babel-webpack/profiles/dist/js
[__:__:__] Starting 'default' ...
[__:__:__] Starting 'js' ...
[__:__:__] Starting 'js_myBundle' ...

Duplicate Sources / Packages - No duplicates found. 🚀

Webpack Bundle Analyzer saved report to __PATH__/packages/integration/fixtures/crafty-preset-babel-webpack/profiles/dist/js/myBundle_report.html
Webpack Bundle Analyzer saved stats file to __PATH__/packages/integration/fixtures/crafty-preset-babel-webpack/profiles/dist/js/myBundle_stats.json
  size  name     module                      status
  1 kB  0        multi ./js/script.js        built
  1 kB  1        ./js/script.js + 9 modules  built

  size  name     asset                       status
  1 kB  default  myBundle.min.js             emitted
  1 kB  default  myBundle.min.js.map         emitted

  Compiled successfully!
  Δt ____ms

[__:__:__] Finished 'js_myBundle' after ____ ms
[__:__:__] Finished 'js' after ____ ms
[__:__:__] Finished 'default' after ____ ms
",
}
`;

exports[`Creates profiles 2`] = `
"(function(e,t){if(\\"object\\"===typeof exports&&\\"object\\"===typeof module)module.exports=t();else if(\\"function\\"===typeof define&&define.amd)define([],t);else{var n=t();for(var r in n)(\\"object\\"===typeof exports?exports:e)[r]=n[r]}})(window,(function(){return function(e){var t={};function n(r){if(t[r])return t[r].exports;var o=t[r]={i:r,l:false,exports:{}};return e[r].call(o.exports,o,o.exports,n),o.l=true,o.exports}return n.m=e,n.c=t,n.d=function(e,t,r){n.o(e,t)||Object.defineProperty(e,t,{enumerable:true,get:r})},n.r=function(e){\\"undefined\\"!==typeof Symbol&&Symbol.toStringTag&&Object.defineProperty(e,Symbol.toStringTag,{value:\\"Module\\"}),Object.defineProperty(e,\\"__esModule\\",{value:true})},n.t=function(e,t){if(1&t&&(e=n(e)),8&t)return e;if(4&t&&\\"object\\"===typeof e&&e&&e.__esModule)return e;var r=Object.create(null);if(n.r(r),Object.defineProperty(r,\\"default\\",{enumerable:true,value:e}),2&t&&\\"string\\"!=typeof e)for(var o in e)n.d(r,o,function(t){return e[t]}.bind(null,o));return r},n.n=function(e){var t=e&&e.__esModule?function(){return e.default}:function(){return e};return n.d(t,\\"a\\",t),t},n.o=function(e,t){return Object.prototype.hasOwnProperty.call(e,t)},n.p=\\"\\",n(n.s=0)}([function(e,t,n){e.exports=n(1)},function(e,t,n){\\"use strict\\";function r(e,t){if(!(e instanceof t))throw new TypeError(\\"Cannot call a class as a function\\")}function o(e,t){for(var n=0;n<t.length;n++){var r=t[n];r.enumerable=r.enumerable||false,r.configurable=true,\\"value\\"in r&&(r.writable=true),Object.defineProperty(e,r.key,r)}}function u(e,t,n){return t&&o(e.prototype,t),n&&o(e,n),e}function i(e){return i=\\"function\\"===typeof Symbol&&\\"symbol\\"===typeof Symbol.iterator?function(e){return typeof e}:function(e){return e&&\\"function\\"===typeof Symbol&&e.constructor===Symbol&&e!==Symbol.prototype?\\"symbol\\":typeof e},i(e)}function f(e){if(void 0===e)throw new ReferenceError(\\"this hasn't been initialised - super() hasn't been called\\");return e}function c(e,t){if(t&&(\\"object\\"===i(t)||\\"function\\"===typeof t))return t;return f(e)}function l(e){return l=Object.setPrototypeOf?Object.getPrototypeOf:function(e){return e.__proto__||Object.getPrototypeOf(e)},l(e)}function a(e,t){return a=Object.setPrototypeOf||function(e,t){return e.__proto__=t,e},a(e,t)}function p(e,t){if(\\"function\\"!==typeof t&&null!==t)throw new TypeError(\\"Super expression must either be null or a function\\");e.prototype=Object.create(t&&t.prototype,{constructor:{value:e,writable:true,configurable:true}}),t&&a(e,t)}n.r(t);var s=function(e){function t(){var e;var n;r(this,t);for(var o=arguments.length,u=new Array(o),i=0;i<o;i++)u[i]=arguments[i];return n=c(this,(e=l(t)).call.apply(e,[this].concat(u))),n.handleClick=function(){n.setState({hey:true})},n}return p(t,e),u(t,[{key:\\"render\\",value:function(){return React.createElement(\\"div\\",{onClick:this.handleClick},\\"Hey \\",this.state.hey)}}]),t}(React.Component);n.d(t,\\"default\\",(function(){return y}));var y=function(){function e(){r(this,e),console.log(\\"init class\\")}return u(e,[{key:\\"method\\",value:function(){console.log(s)}}]),e}()}])}));
//# sourceMappingURL=myBundle.min.js.map"
`;

exports[`Deduplicates helpers 1`] = `
Object {
  "status": 0,
  "stdall": "
[__:__:__] Starting Crafty __version__...
[__:__:__] Files will be stored in:
            js: __PATH__/packages/integration/fixtures/crafty-preset-babel-webpack/compiles-deduplicates/dist/js
[__:__:__] Starting 'default' ...
[__:__:__] Starting 'js' ...
[__:__:__] Starting 'js_myBundle' ...
  size  name     module                       status
  1 kB  0        multi ./js/script.js         built
  1 kB  1        ./js/script.js + 10 modules  built

  size  name     asset                        status
  1 kB  default  myBundle.min.js              emitted
  1 kB  default  myBundle.min.js.map          emitted

  Compiled successfully!
  Δt ____ms

[__:__:__] Finished 'js_myBundle' after ____ ms
[__:__:__] Finished 'js' after ____ ms
[__:__:__] Finished 'default' after ____ ms
",
}
`;

exports[`Deduplicates helpers 2`] = `
"(function(e,t){if(\\"object\\"===typeof exports&&\\"object\\"===typeof module)module.exports=t();else if(\\"function\\"===typeof define&&define.amd)define([],t);else{var n=t();for(var r in n)(\\"object\\"===typeof exports?exports:e)[r]=n[r]}})(window,(function(){return function(e){var t={};function n(r){if(t[r])return t[r].exports;var o=t[r]={i:r,l:false,exports:{}};return e[r].call(o.exports,o,o.exports,n),o.l=true,o.exports}return n.m=e,n.c=t,n.d=function(e,t,r){n.o(e,t)||Object.defineProperty(e,t,{enumerable:true,get:r})},n.r=function(e){\\"undefined\\"!==typeof Symbol&&Symbol.toStringTag&&Object.defineProperty(e,Symbol.toStringTag,{value:\\"Module\\"}),Object.defineProperty(e,\\"__esModule\\",{value:true})},n.t=function(e,t){if(1&t&&(e=n(e)),8&t)return e;if(4&t&&\\"object\\"===typeof e&&e&&e.__esModule)return e;var r=Object.create(null);if(n.r(r),Object.defineProperty(r,\\"default\\",{enumerable:true,value:e}),2&t&&\\"string\\"!=typeof e)for(var o in e)n.d(r,o,function(t){return e[t]}.bind(null,o));return r},n.n=function(e){var t=e&&e.__esModule?function(){return e.default}:function(){return e};return n.d(t,\\"a\\",t),t},n.o=function(e,t){return Object.prototype.hasOwnProperty.call(e,t)},n.p=\\"\\",n(n.s=0)}([function(e,t,n){e.exports=n(1)},function(e,t,n){\\"use strict\\";function r(e,t){if(!(e instanceof t))throw new TypeError(\\"Cannot call a class as a function\\")}function o(e,t){for(var n=0;n<t.length;n++){var r=t[n];r.enumerable=r.enumerable||false,r.configurable=true,\\"value\\"in r&&(r.writable=true),Object.defineProperty(e,r.key,r)}}function u(e,t,n){return t&&o(e.prototype,t),n&&o(e,n),e}function i(e){return i=\\"function\\"===typeof Symbol&&\\"symbol\\"===typeof Symbol.iterator?function(e){return typeof e}:function(e){return e&&\\"function\\"===typeof Symbol&&e.constructor===Symbol&&e!==Symbol.prototype?\\"symbol\\":typeof e},i(e)}function c(e){if(void 0===e)throw new ReferenceError(\\"this hasn't been initialised - super() hasn't been called\\");return e}function f(e,t){if(t&&(\\"object\\"===i(t)||\\"function\\"===typeof t))return t;return c(e)}function l(e){return l=Object.setPrototypeOf?Object.getPrototypeOf:function(e){return e.__proto__||Object.getPrototypeOf(e)},l(e)}function a(e,t){return a=Object.setPrototypeOf||function(e,t){return e.__proto__=t,e},a(e,t)}function s(e,t){if(\\"function\\"!==typeof t&&null!==t)throw new TypeError(\\"Super expression must either be null or a function\\");e.prototype=Object.create(t&&t.prototype,{constructor:{value:e,writable:true,configurable:true}}),t&&a(e,t)}n.r(t);var p=function(e){function t(){var e;var n;r(this,t);for(var o=arguments.length,u=new Array(o),i=0;i<o;i++)u[i]=arguments[i];return n=f(this,(e=l(t)).call.apply(e,[this].concat(u))),n.handleClick=function(){n.setState({hey:true})},n}return s(t,e),u(t,[{key:\\"render\\",value:function(){return React.createElement(\\"div\\",{onClick:this.handleClick},\\"Hey \\",this.state.hey)}}]),t}(React.Component);var y=function(e){function t(){var e;var n;r(this,t);for(var o=arguments.length,u=new Array(o),i=0;i<o;i++)u[i]=arguments[i];return n=f(this,(e=l(t)).call.apply(e,[this].concat(u))),n.handleClick=function(){n.setState({hey:true})},n}return s(t,e),u(t,[{key:\\"render\\",value:function(){return React.createElement(\\"div\\",{onClick:this.handleClick},\\"Hey \\",this.state.hey)}}]),t}(React.Component);n.d(t,\\"default\\",(function(){return b}));var b=function(){function e(){r(this,e),console.log(\\"init class\\")}return u(e,[{key:\\"method\\",value:function(){console.log(p,y)}}]),e}()}])}));
//# sourceMappingURL=myBundle.min.js.map"
`;

exports[`Does not transpile on modern browsers 1`] = `
Object {
  "status": 0,
  "stdall": "
[__:__:__] Starting Crafty __version__...
[__:__:__] Files will be stored in:
            js: __PATH__/packages/integration/fixtures/crafty-preset-babel-webpack/no-old-browser/dist/js
[__:__:__] Starting 'default' ...
[__:__:__] Starting 'js' ...
[__:__:__] Starting 'js_myBundle' ...
  size  name     module                      status
  1 kB  0        multi ./js/script.js        built
  1 kB  1        ./js/script.js + 1 modules  built

  size  name     asset                       status
  1 kB  default  myBundle.min.js             emitted
  1 kB  default  myBundle.min.js.map         emitted

  Compiled successfully!
  Δt ____ms

[__:__:__] Finished 'js_myBundle' after ____ ms
[__:__:__] Finished 'js' after ____ ms
[__:__:__] Finished 'default' after ____ ms
",
}
`;

exports[`Does not transpile on modern browsers 2`] = `
"(function(e,t){if(\\"object\\"===typeof exports&&\\"object\\"===typeof module)module.exports=t();else if(\\"function\\"===typeof define&&define.amd)define([],t);else{var n=t();for(var r in n)(\\"object\\"===typeof exports?exports:e)[r]=n[r]}})(window,(function(){return function(e){var t={};function n(r){if(t[r])return t[r].exports;var o=t[r]={i:r,l:false,exports:{}};return e[r].call(o.exports,o,o.exports,n),o.l=true,o.exports}return n.m=e,n.c=t,n.d=function(e,t,r){n.o(e,t)||Object.defineProperty(e,t,{enumerable:true,get:r})},n.r=function(e){\\"undefined\\"!==typeof Symbol&&Symbol.toStringTag&&Object.defineProperty(e,Symbol.toStringTag,{value:\\"Module\\"}),Object.defineProperty(e,\\"__esModule\\",{value:true})},n.t=function(e,t){if(1&t&&(e=n(e)),8&t)return e;if(4&t&&\\"object\\"===typeof e&&e&&e.__esModule)return e;var r=Object.create(null);if(n.r(r),Object.defineProperty(r,\\"default\\",{enumerable:true,value:e}),2&t&&\\"string\\"!=typeof e)for(var o in e)n.d(r,o,function(t){return e[t]}.bind(null,o));return r},n.n=function(e){var t=e&&e.__esModule?function(){return e.default}:function(){return e};return n.d(t,\\"a\\",t),t},n.o=function(e,t){return Object.prototype.hasOwnProperty.call(e,t)},n.p=\\"\\",n(n.s=0)}([function(e,t,n){e.exports=n(1)},function(e,t,n){\\"use strict\\";n.r(t);class r extends React.Component{constructor(...e){super(...e),this.handleClick=()=>{this.setState({hey:true})}}render(){return React.createElement(\\"div\\",{onClick:this.handleClick},\\"Hey \\",this.state.hey)}}n.d(t,\\"default\\",(function(){return o}));class o{constructor(){console.log(\\"init class\\")}method(){console.log(r)}}}])}));
//# sourceMappingURL=myBundle.min.js.map"
`;

exports[`Fails gracefully on broken markup 1`] = `
Object {
  "status": 1,
  "stdall": "
[__:__:__] Starting Crafty __version__...
[__:__:__] Files will be stored in:
            js: __PATH__/packages/integration/fixtures/crafty-preset-babel-webpack/fails/dist/js
[__:__:__] Starting 'default' ...
[__:__:__] Starting 'js' ...
[__:__:__] Starting 'js_myBundle' ...
  size  name  module                status
  1 kB  0     multi ./js/script.js  built
  1 kB  1     ./js/script.js        built failed ✖

  (2 assets hidden)

  Failed to compile.

./js/script.js
__PATH__/packages/integration/fixtures/crafty-preset-babel-webpack/fails/js/script.js
  15:1  error  Parsing error: Unexpected token

  13 |
  14 | }
> 15 |
     | ^

✖ 1 problem (1 error, 0 warnings)

./js/script.js
SyntaxError: __PATH__/packages/integration/fixtures/crafty-preset-babel-webpack/fails/js/script.js: Unexpected token (15:0)

  13 |
  14 | }
> 15 |
     | ^

  Δt ____ms ✖ 2 problems (2 errors, 0 warnings)

[__:__:__] 'js_myBundle' errored after ____ ms
[__:__:__] Webpack compilation failed
[__:__:__] 'js' errored after ____ ms
[__:__:__] 'default' errored after ____ ms
",
}
`;

exports[`Lints JavaScript with webpack 1`] = `
Object {
  "status": 1,
  "stdall": "
[__:__:__] Starting Crafty __version__...
[__:__:__] Files will be stored in:
            js: __PATH__/packages/integration/fixtures/crafty-preset-babel-webpack/lints/dist/js
[__:__:__] Starting 'default' ...
[__:__:__] Starting 'js' ...
[__:__:__] Starting 'js_myBundle' ...
  size  name  module                      status
  1 kB  0     multi ./js/script.js        built
  1 kB  1     ./js/script.js + 9 modules  built ✖

  (2 assets hidden)

  Failed to compile.

./js/Component.js
__PATH__/packages/integration/fixtures/crafty-preset-babel-webpack/lints/js/Component.js
   4:1   error  Delete \`⏎\`                                 @swissquote/swissquote/prettier/prettier
   6:20  error  Replace \`hey:·true⏎···\` with \`·hey:·true\`  @swissquote/swissquote/prettier/prettier
  10:11  error  Delete \`⏎·\`                                @swissquote/swissquote/prettier/prettier
  12:11  error  Delete \`·\`                                 @swissquote/swissquote/prettier/prettier

✖ 4 problems (4 errors, 0 warnings)
  4 errors and 0 warnings potentially fixable with the \`--fix\` option.

./js/script.js
__PATH__/packages/integration/fixtures/crafty-preset-babel-webpack/lints/js/script.js
   3:23  error    Delete \`·\`                                       @swissquote/swissquote/prettier/prettier
   5:10  error    'test' is defined but never used                 no-unused-vars
   5:14  error    Replace \`·(one,\` with \`(one,·\`                   @swissquote/swissquote/prettier/prettier
   6:1   error    Delete \`·\`                                       @swissquote/swissquote/prettier/prettier
  11:5   warning  Unexpected console statement                     no-console
  14:9   error    Delete \`·\`                                       @swissquote/swissquote/prettier/prettier
  15:5   warning  Unexpected console statement                     no-console
  15:17  error    Replace \`··\\"some·method\\"·\` with \`\\"some·method\\"\`  @swissquote/swissquote/prettier/prettier
  18:11  error    Replace \`·a,·b)⏎·\` with \`a,·b)\`                  @swissquote/swissquote/prettier/prettier
  20:14  error    Expected '===' and instead saw '=='              eqeqeq

✖ 10 problems (8 errors, 2 warnings)
  6 errors and 0 warnings potentially fixable with the \`--fix\` option.

  Δt ____ms ✖ 2 problems (2 errors, 0 warnings)

[__:__:__] 'js_myBundle' errored after ____ ms
[__:__:__] Webpack compilation failed
[__:__:__] 'js' errored after ____ ms
[__:__:__] 'default' errored after ____ ms
",
}
`;

exports[`Removes unused classes 1`] = `
Object {
  "status": 0,
  "stdall": "
[__:__:__] Starting Crafty __version__...
[__:__:__] Files will be stored in:
            js: __PATH__/packages/integration/fixtures/crafty-preset-babel-webpack/tree-shaking/dist/js
[__:__:__] Starting 'default' ...
[__:__:__] Starting 'js' ...
[__:__:__] Starting 'js_myBundle' ...
  size  name     module                     status
  1 kB  0        multi ./js/index.js        built
  1 kB  1        ./js/index.js + 3 modules  built

  size  name     asset                      status
  1 kB  default  myBundle.min.js            emitted
  1 kB  default  myBundle.min.js.map        emitted

  Compiled successfully!
  Δt ____ms

[__:__:__] Finished 'js_myBundle' after ____ ms
[__:__:__] Finished 'js' after ____ ms
[__:__:__] Finished 'default' after ____ ms
",
}
`;
